Archive member included to satisfy reference by file (symbol)

C:/Program Files (x86)/ST/STM32CubeIDE_1.15.1/STM32CubeIDE/plugins/com.st.stm32cube.ide.mcu.externaltools.gnu-tools-for-stm32.12.3.rel1.win32_1.0.100.202403111256/tools/bin/../lib/gcc/arm-none-eabi/12.3.1/../../../../arm-none-eabi/lib/thumb/v7-m/nofp\libc_nano.a(libc_a-exit.o)
                              C:/Program Files (x86)/ST/STM32CubeIDE_1.15.1/STM32CubeIDE/plugins/com.st.stm32cube.ide.mcu.externaltools.gnu-tools-for-stm32.12.3.rel1.win32_1.0.100.202403111256/tools/bin/../lib/gcc/arm-none-eabi/12.3.1/../../../../arm-none-eabi/lib/thumb/v7-m/nofp/crt0.o (exit)
C:/Program Files (x86)/ST/STM32CubeIDE_1.15.1/STM32CubeIDE/plugins/com.st.stm32cube.ide.mcu.externaltools.gnu-tools-for-stm32.12.3.rel1.win32_1.0.100.202403111256/tools/bin/../lib/gcc/arm-none-eabi/12.3.1/../../../../arm-none-eabi/lib/thumb/v7-m/nofp\libc_nano.a(libc_a-findfp.o)
                              C:/Program Files (x86)/ST/STM32CubeIDE_1.15.1/STM32CubeIDE/plugins/com.st.stm32cube.ide.mcu.externaltools.gnu-tools-for-stm32.12.3.rel1.win32_1.0.100.202403111256/tools/bin/../lib/gcc/arm-none-eabi/12.3.1/../../../../arm-none-eabi/lib/thumb/v7-m/nofp\libc_nano.a(libc_a-exit.o) (__stdio_exit_handler)
C:/Program Files (x86)/ST/STM32CubeIDE_1.15.1/STM32CubeIDE/plugins/com.st.stm32cube.ide.mcu.externaltools.gnu-tools-for-stm32.12.3.rel1.win32_1.0.100.202403111256/tools/bin/../lib/gcc/arm-none-eabi/12.3.1/../../../../arm-none-eabi/lib/thumb/v7-m/nofp\libc_nano.a(libc_a-fwalk.o)
                              C:/Program Files (x86)/ST/STM32CubeIDE_1.15.1/STM32CubeIDE/plugins/com.st.stm32cube.ide.mcu.externaltools.gnu-tools-for-stm32.12.3.rel1.win32_1.0.100.202403111256/tools/bin/../lib/gcc/arm-none-eabi/12.3.1/../../../../arm-none-eabi/lib/thumb/v7-m/nofp\libc_nano.a(libc_a-findfp.o) (_fwalk_sglue)
C:/Program Files (x86)/ST/STM32CubeIDE_1.15.1/STM32CubeIDE/plugins/com.st.stm32cube.ide.mcu.externaltools.gnu-tools-for-stm32.12.3.rel1.win32_1.0.100.202403111256/tools/bin/../lib/gcc/arm-none-eabi/12.3.1/../../../../arm-none-eabi/lib/thumb/v7-m/nofp\libc_nano.a(libc_a-stdio.o)
                              C:/Program Files (x86)/ST/STM32CubeIDE_1.15.1/STM32CubeIDE/plugins/com.st.stm32cube.ide.mcu.externaltools.gnu-tools-for-stm32.12.3.rel1.win32_1.0.100.202403111256/tools/bin/../lib/gcc/arm-none-eabi/12.3.1/../../../../arm-none-eabi/lib/thumb/v7-m/nofp\libc_nano.a(libc_a-findfp.o) (__sread)
C:/Program Files (x86)/ST/STM32CubeIDE_1.15.1/STM32CubeIDE/plugins/com.st.stm32cube.ide.mcu.externaltools.gnu-tools-for-stm32.12.3.rel1.win32_1.0.100.202403111256/tools/bin/../lib/gcc/arm-none-eabi/12.3.1/../../../../arm-none-eabi/lib/thumb/v7-m/nofp\libc_nano.a(libc_a-memset.o)
                              C:/Program Files (x86)/ST/STM32CubeIDE_1.15.1/STM32CubeIDE/plugins/com.st.stm32cube.ide.mcu.externaltools.gnu-tools-for-stm32.12.3.rel1.win32_1.0.100.202403111256/tools/bin/../lib/gcc/arm-none-eabi/12.3.1/../../../../arm-none-eabi/lib/thumb/v7-m/nofp/crt0.o (memset)
C:/Program Files (x86)/ST/STM32CubeIDE_1.15.1/STM32CubeIDE/plugins/com.st.stm32cube.ide.mcu.externaltools.gnu-tools-for-stm32.12.3.rel1.win32_1.0.100.202403111256/tools/bin/../lib/gcc/arm-none-eabi/12.3.1/../../../../arm-none-eabi/lib/thumb/v7-m/nofp\libc_nano.a(libc_a-closer.o)
                              C:/Program Files (x86)/ST/STM32CubeIDE_1.15.1/STM32CubeIDE/plugins/com.st.stm32cube.ide.mcu.externaltools.gnu-tools-for-stm32.12.3.rel1.win32_1.0.100.202403111256/tools/bin/../lib/gcc/arm-none-eabi/12.3.1/../../../../arm-none-eabi/lib/thumb/v7-m/nofp\libc_nano.a(libc_a-stdio.o) (_close_r)
C:/Program Files (x86)/ST/STM32CubeIDE_1.15.1/STM32CubeIDE/plugins/com.st.stm32cube.ide.mcu.externaltools.gnu-tools-for-stm32.12.3.rel1.win32_1.0.100.202403111256/tools/bin/../lib/gcc/arm-none-eabi/12.3.1/../../../../arm-none-eabi/lib/thumb/v7-m/nofp\libc_nano.a(libc_a-reent.o)
                              C:/Program Files (x86)/ST/STM32CubeIDE_1.15.1/STM32CubeIDE/plugins/com.st.stm32cube.ide.mcu.externaltools.gnu-tools-for-stm32.12.3.rel1.win32_1.0.100.202403111256/tools/bin/../lib/gcc/arm-none-eabi/12.3.1/../../../../arm-none-eabi/lib/thumb/v7-m/nofp\libc_nano.a(libc_a-closer.o) (errno)
C:/Program Files (x86)/ST/STM32CubeIDE_1.15.1/STM32CubeIDE/plugins/com.st.stm32cube.ide.mcu.externaltools.gnu-tools-for-stm32.12.3.rel1.win32_1.0.100.202403111256/tools/bin/../lib/gcc/arm-none-eabi/12.3.1/../../../../arm-none-eabi/lib/thumb/v7-m/nofp\libc_nano.a(libc_a-impure.o)
                              C:/Program Files (x86)/ST/STM32CubeIDE_1.15.1/STM32CubeIDE/plugins/com.st.stm32cube.ide.mcu.externaltools.gnu-tools-for-stm32.12.3.rel1.win32_1.0.100.202403111256/tools/bin/../lib/gcc/arm-none-eabi/12.3.1/../../../../arm-none-eabi/lib/thumb/v7-m/nofp\libc_nano.a(libc_a-reent.o) (_impure_ptr)
[...]
Memory Configuration

Name             Origin             Length             Attributes
RAM              0x20000000         0x00002800         xrw
FLASH            0x08000000         0x00008000         xr
*default*        0x00000000         0xffffffff

Linker script and memory map

LOAD C:/Program Files (x86)/ST/STM32CubeIDE_1.15.1/STM32CubeIDE/plugins/com.st.stm32cube.ide.mcu.externaltools.gnu-tools-for-stm32.12.3.rel1.win32_1.0.100.202403111256/tools/bin/../lib/gcc/arm-none-eabi/12.3.1/thumb/v7-m/nofp/crti.o
LOAD C:/Program Files (x86)/ST/STM32CubeIDE_1.15.1/STM32CubeIDE/plugins/com.st.stm32cube.ide.mcu.externaltools.gnu-tools-for-stm32.12.3.rel1.win32_1.0.100.202403111256/tools/bin/../lib/gcc/arm-none-eabi/12.3.1/thumb/v7-m/nofp/crtbegin.o
LOAD C:/Program Files (x86)/ST/STM32CubeIDE_1.15.1/STM32CubeIDE/plugins/com.st.stm32cube.ide.mcu.externaltools.gnu-tools-for-stm32.12.3.rel1.win32_1.0.100.202403111256/tools/bin/../lib/gcc/arm-none-eabi/12.3.1/../../../../arm-none-eabi/lib/thumb/v7-m/nofp/crt0.o
LOAD ./Core/Src/7Segs.o
LOAD ./Core/Src/button.o
LOAD ./Core/Src/fsm_automatic.o
LOAD ./Core/Src/fsm_manual.o
LOAD ./Core/Src/fsm_select_mode.o
LOAD ./Core/Src/gobal.o
LOAD ./Core/Src/main.o
LOAD ./Core/Src/scheduler.o
LOAD ./Core/Src/software_timer.o
LOAD ./Core/Src/stm32f1xx_hal_msp.o
LOAD ./Core/Src/stm32f1xx_it.o
LOAD ./Core/Src/syscalls.o
LOAD ./Core/Src/sysmem.o
LOAD ./Core/Src/system_stm32f1xx.o
LOAD ./Core/Startup/startup_stm32f103c6tx.o
LOAD ./Drivers/STM32F1xx_HAL_Driver/Src/stm32f1xx_hal.o
LOAD ./Drivers/STM32F1xx_HAL_Driver/Src/stm32f1xx_hal_cortex.o
LOAD ./Drivers/STM32F1xx_HAL_Driver/Src/stm32f1xx_hal_dma.o
LOAD ./Drivers/STM32F1xx_HAL_Driver/Src/stm32f1xx_hal_exti.o
LOAD ./Drivers/STM32F1xx_HAL_Driver/Src/stm32f1xx_hal_flash.o
LOAD ./Drivers/STM32F1xx_HAL_Driver/Src/stm32f1xx_hal_flash_ex.o
LOAD ./Drivers/STM32F1xx_HAL_Driver/Src/stm32f1xx_hal_gpio.o
LOAD ./Drivers/STM32F1xx_HAL_Driver/Src/stm32f1xx_hal_gpio_ex.o
LOAD ./Drivers/STM32F1xx_HAL_Driver/Src/stm32f1xx_hal_pwr.o
LOAD ./Drivers/STM32F1xx_HAL_Driver/Src/stm32f1xx_hal_rcc.o
LOAD ./Drivers/STM32F1xx_HAL_Driver/Src/stm32f1xx_hal_rcc_ex.o
LOAD ./Drivers/STM32F1xx_HAL_Driver/Src/stm32f1xx_hal_tim.o
LOAD ./Drivers/STM32F1xx_HAL_Driver/Src/stm32f1xx_hal_tim_ex.o
START GROUP
LOAD C:/Program Files (x86)/ST/STM32CubeIDE_1.15.1/STM32CubeIDE/plugins/com.st.stm32cube.ide.mcu.externaltools.gnu-tools-for-stm32.12.3.rel1.win32_1.0.100.202403111256/tools/bin/../lib/gcc/arm-none-eabi/12.3.1/../../../../arm-none-eabi/lib/thumb/v7-m/nofp\libc_nano.a
LOAD C:/Program Files (x86)/ST/STM32CubeIDE_1.15.1/STM32CubeIDE/plugins/com.st.stm32cube.ide.mcu.externaltools.gnu-tools-for-stm32.12.3.rel1.win32_1.0.100.202403111256/tools/bin/../lib/gcc/arm-none-eabi/12.3.1/../../../../arm-none-eabi/lib/thumb/v7-m/nofp\libm.a
END GROUP
START GROUP
LOAD C:/Program Files (x86)/ST/STM32CubeIDE_1.15.1/STM32CubeIDE/plugins/com.st.stm32cube.ide.mcu.externaltools.gnu-tools-for-stm32.12.3.rel1.win32_1.0.100.202403111256/tools/bin/../lib/gcc/arm-none-eabi/12.3.1/thumb/v7-m/nofp\libgcc.a
LOAD C:/Program Files (x86)/ST/STM32CubeIDE_1.15.1/STM32CubeIDE/plugins/com.st.stm32cube.ide.mcu.externaltools.gnu-tools-for-stm32.12.3.rel1.win32_1.0.100.202403111256/tools/bin/../lib/gcc/arm-none-eabi/12.3.1/../../../../arm-none-eabi/lib/thumb/v7-m/nofp\libc_nano.a
END GROUP
START GROUP
LOAD C:/Program Files (x86)/ST/STM32CubeIDE_1.15.1/STM32CubeIDE/plugins/com.st.stm32cube.ide.mcu.externaltools.gnu-tools-for-stm32.12.3.rel1.win32_1.0.100.202403111256/tools/bin/../lib/gcc/arm-none-eabi/12.3.1/thumb/v7-m/nofp\libgcc.a
LOAD C:/Program Files (x86)/ST/STM32CubeIDE_1.15.1/STM32CubeIDE/plugins/com.st.stm32cube.ide.mcu.externaltools.gnu-tools-for-stm32.12.3.rel1.win32_1.0.100.202403111256/tools/bin/../lib/gcc/arm-none-eabi/12.3.1/../../../../arm-none-eabi/lib/thumb/v7-m/nofp\libc_nano.a
LOAD C:/Program Files (x86)/ST/STM32CubeIDE_1.15.1/STM32CubeIDE/plugins/com.st.stm32cube.ide.mcu.externaltools.gnu-tools-for-stm32.12.3.rel1.win32_1.0.100.202403111256/tools/bin/../lib/gcc/arm-none-eabi/12.3.1/../../../../arm-none-eabi/lib/thumb/v7-m/nofp\libnosys.a
END GROUP
START GROUP
LOAD C:/Program Files (x86)/ST/STM32CubeIDE_1.15.1/STM32CubeIDE/plugins/com.st.stm32cube.ide.mcu.externaltools.gnu-tools-for-stm32.12.3.rel1.win32_1.0.100.202403111256/tools/bin/../lib/gcc/arm-none-eabi/12.3.1/thumb/v7-m/nofp\libgcc.a
LOAD C:/Program Files (x86)/ST/STM32CubeIDE_1.15.1/STM32CubeIDE/plugins/com.st.stm32cube.ide.mcu.externaltools.gnu-tools-for-stm32.12.3.rel1.win32_1.0.100.202403111256/tools/bin/../lib/gcc/arm-none-eabi/12.3.1/../../../../arm-none-eabi/lib/thumb/v7-m/nofp\libc_nano.a
LOAD C:/Program Files (x86)/ST/STM32CubeIDE_1.15.1/STM32CubeIDE/plugins/com.st.stm32cube.ide.mcu.externaltools.gnu-tools-for-stm32.12.3.rel1.win32_1.0.100.202403111256/tools/bin/../lib/gcc/arm-none-eabi/12.3.1/../../../../arm-none-eabi/lib/thumb/v7-m/nofp\libnosys.a
END GROUP
LOAD C:/Program Files (x86)/ST/STM32CubeIDE_1.15.1/STM32CubeIDE/plugins/com.st.stm32cube.ide.mcu.externaltools.gnu-tools-for-stm32.12.3.rel1.win32_1.0.100.202403111256/tools/bin/../lib/gcc/arm-none-eabi/12.3.1/thumb/v7-m/nofp/crtend.o
LOAD C:/Program Files (x86)/ST/STM32CubeIDE_1.15.1/STM32CubeIDE/plugins/com.st.stm32cube.ide.mcu.externaltools.gnu-tools-for-stm32.12.3.rel1.win32_1.0.100.202403111256/tools/bin/../lib/gcc/arm-none-eabi/12.3.1/thumb/v7-m/nofp/crtn.o
                0x20002800                        _estack = (ORIGIN (RAM) + LENGTH (RAM))
                0x00000200                        _Min_Heap_Size = 0x200
                0x00000400                        _Min_Stack_Size = 0x400

.isr_vector     0x08000000      0x10c
                0x08000000                        . = ALIGN (0x4)
 *(.isr_vector)
 .isr_vector    0x08000000      0x10c ./Core/Startup/startup_stm32f103c6tx.o
                0x08000000                g_pfnVectors
                0x0800010c                        . = ALIGN (0x4)

.text           0x08000110     0x4038
                0x08000110                        . = ALIGN (0x4)
 *(.text)
 .text          0x08000110       0x40 C:/Program Files (x86)/ST/STM32CubeIDE_1.15.1/STM32CubeIDE/plugins/com.st.stm32cube.ide.mcu.externaltools.gnu-tools-for-stm32.12.3.rel1.win32_1.0.100.202403111256/tools/bin/../lib/gcc/arm-none-eabi/12.3.1/thumb/v7-m/nofp/crtbegin.o
 .text          0x08000150      0x378 C:/Program Files (x86)/ST/STM32CubeIDE_1.15.1/STM32CubeIDE/plugins/com.st.stm32cube.ide.mcu.externaltools.gnu-tools-for-stm32.12.3.rel1.win32_1.0.100.202403111256/tools/bin/../lib/gcc/arm-none-eabi/12.3.1/thumb/v7-m/nofp\libgcc.a(_arm_addsubdf3.o)
                0x08000150                __aeabi_drsub
                0x08000158                __aeabi_dsub
                0x08000158                __subdf3
                0x0800015c                __aeabi_dadd
                0x0800015c                __adddf3
                0x080003d4                __floatunsidf
                0x080003d4                __aeabi_ui2d
                0x080003f4                __floatsidf
                0x080003f4                __aeabi_i2d
                0x08000418                __aeabi_f2d
                0x08000418                __extendsfdf2
                0x0800045c                __floatundidf
                0x0800045c                __aeabi_ul2d
                0x0800046c                __floatdidf
                0x0800046c                __aeabi_l2d
 .text          0x080004c8      0x424 C:/Program Files (x86)/ST/STM32CubeIDE_1.15.1/STM32CubeIDE/plugins/com.st.stm32cube.ide.mcu.externaltools.gnu-tools-for-stm32.12.3.rel1.win32_1.0.100.202403111256/tools/bin/../lib/gcc/arm-none-eabi/12.3.1/thumb/v7-m/nofp\libgcc.a(_arm_muldivdf3.o)
                0x080004c8                __aeabi_dmul
                0x080004c8                __muldf3
                0x0800071c                __divdf3
                0x0800071c                __aeabi_ddiv
 .text          0x080008ec      0x110 C:/Program Files (x86)/ST/STM32CubeIDE_1.15.1/STM32CubeIDE/plugins/com.st.stm32cube.ide.mcu.externaltools.gnu-tools-for-stm32.12.3.rel1.win32_1.0.100.202403111256/tools/bin/../lib/gcc/arm-none-eabi/12.3.1/thumb/v7-m/nofp\libgcc.a(_arm_cmpdf2.o)
                0x080008ec                __gtdf2
                0x080008ec                __gedf2
                0x080008f4                __ltdf2
                0x080008f4                __ledf2
                0x080008fc                __nedf2
                0x080008fc                __eqdf2
                0x080008fc                __cmpdf2
                0x08000978                __aeabi_cdrcmple
                0x08000988                __aeabi_cdcmpeq
                0x08000988                __aeabi_cdcmple
                0x08000998                __aeabi_dcmpeq
                0x080009ac                __aeabi_dcmplt
                0x080009c0                __aeabi_dcmple
                0x080009d4                __aeabi_dcmpge
                0x080009e8                __aeabi_dcmpgt
 .text          0x080009fc       0x50 C:/Program Files (x86)/ST/STM32CubeIDE_1.15.1/STM32CubeIDE/plugins/com.st.stm32cube.ide.mcu.externaltools.gnu-tools-for-stm32.12.3.rel1.win32_1.0.100.202403111256/tools/bin/../lib/gcc/arm-none-eabi/12.3.1/thumb/v7-m/nofp\libgcc.a(_arm_fixdfsi.o)
                0x080009fc                __aeabi_d2iz
                0x080009fc                __fixdfsi
 *(.text*)
 .text.display7SEG
                0x08000a4c      0x358 ./Core/Src/7Segs.o
                0x08000a4c                display7SEG
 .text.display7SEG2
                0x08000da4      0x380 ./Core/Src/7Segs.o
                0x08000da4                display7SEG2
 .text.display2DigitNumberWay1
                0x08001124       0xf0 ./Core/Src/7Segs.o
                0x08001124                display2DigitNumberWay1
 .text.display2DigitNumberWay2
                0x08001214       0xf0 ./Core/Src/7Segs.o
                0x08001214                display2DigitNumberWay2
 .text.isButton1Pressed
                0x08001304       0x24 ./Core/Src/button.o
                0x08001304                isButton1Pressed
 .text.isButton2Pressed
                0x08001328       0x24 ./Core/Src/button.o
                0x08001328                isButton2Pressed
 .text.isButton3Pressed
                0x0800134c       0x24 ./Core/Src/button.o
                0x0800134c                isButton3Pressed
 .text.getKeyInput
                0x08001370      0x204 ./Core/Src/button.o
                0x08001370                getKeyInput
 .text.countdownSecWay1
                0x08001574       0x24 ./Core/Src/fsm_automatic.o
                0x08001574                countdownSecWay1
 .text.transitionToAutoGreenWay1
                0x08001598       0x40 ./Core/Src/fsm_automatic.o
                0x08001598                transitionToAutoGreenWay1
 .text.transitionToAutoYellowWay1
                0x080015d8       0x40 ./Core/Src/fsm_automatic.o
                0x080015d8                transitionToAutoYellowWay1
 .text.transitionToAutoRedWay1
                0x08001618       0x40 ./Core/Src/fsm_automatic.o
                0x08001618                transitionToAutoRedWay1
 .text.countdownSecWay2
                0x08001658       0x24 ./Core/Src/fsm_automatic.o
                0x08001658                countdownSecWay2
 .text.transitionToAutoGreenWay2
                0x0800167c       0x40 ./Core/Src/fsm_automatic.o
                0x0800167c                transitionToAutoGreenWay2
 .text.transitionToAutoYellowWay2
                0x080016bc       0x40 ./Core/Src/fsm_automatic.o
                0x080016bc                transitionToAutoYellowWay2
 .text.transitionToAutoRedWay2
                0x080016fc       0x40 ./Core/Src/fsm_automatic.o
                0x080016fc                transitionToAutoRedWay2
 .text.fsm_automatic_run_way1
                0x0800173c      0x228 ./Core/Src/fsm_automatic.o
                0x0800173c                fsm_automatic_run_way1
 .text.fsm_automatic_run_way2
                0x08001964      0x1a0 ./Core/Src/fsm_automatic.o
                0x08001964                fsm_automatic_run_way2
 .text.Timeout_select_mode
                0x08001b04       0x20 ./Core/Src/fsm_select_mode.o
                0x08001b04                Timeout_select_mode
 .text.Blinking_red
                0x08001b24       0x48 ./Core/Src/fsm_select_mode.o
                0x08001b24                Blinking_red
 .text.Blinking_yellow
                0x08001b6c       0x48 ./Core/Src/fsm_select_mode.o
                0x08001b6c                Blinking_yellow
 .text.Blinking_green
                0x08001bb4       0x48 ./Core/Src/fsm_select_mode.o
                0x08001bb4                Blinking_green
 .text.setRedLEDDuration
                0x08001bfc       0x68 ./Core/Src/fsm_select_mode.o
                0x08001bfc                setRedLEDDuration
 .text.setGreenLEDDuration
                0x08001c64       0x90 ./Core/Src/fsm_select_mode.o
                0x08001c64                setGreenLEDDuration
 .text.setYellowLEDDuration
                0x08001cf4       0x8c ./Core/Src/fsm_select_mode.o
                0x08001cf4                setYellowLEDDuration
 .text.fsm_select_mode_run
                0x08001d80      0x2b0 ./Core/Src/fsm_select_mode.o
                0x08001d80                fsm_select_mode_run
 .text.main     0x08002030       0x38 ./Core/Src/main.o
                0x08002030                main
 .text.SystemClock_Config
                0x08002068       0x76 ./Core/Src/main.o
                0x08002068                SystemClock_Config
 *fill*         0x080020de        0x2 
 .text.MX_TIM2_Init
                0x080020e0       0x98 ./Core/Src/main.o
 .text.MX_GPIO_Init
                0x08002178       0xdc ./Core/Src/main.o
 .text.HAL_TIM_PeriodElapsedCallback
                0x08002254       0x1c ./Core/Src/main.o
                0x08002254                HAL_TIM_PeriodElapsedCallback
 .text.Error_Handler
                0x08002270        0xc ./Core/Src/main.o
                0x08002270                Error_Handler
 .text.Scheduler_Init
                0x0800227c       0xa0 ./Core/Src/scheduler.o
                0x0800227c                Scheduler_Init
 .text.Scheduler_IsTaskScheduled
                0x0800231c       0x5c ./Core/Src/scheduler.o
                0x0800231c                Scheduler_IsTaskScheduled
 .text.Scheduler_Update
                0x08002378       0xf0 ./Core/Src/scheduler.o
                0x08002378                Scheduler_Update
 .text.Scheduler_Dispatch_Tasks
                0x08002468       0xc0 ./Core/Src/scheduler.o
                0x08002468                Scheduler_Dispatch_Tasks
 .text.Scheduler_AddTask
                0x08002528      0x150 ./Core/Src/scheduler.o
                0x08002528                Scheduler_AddTask
 .text.Scheduler_DeleteTask_byindex
                0x08002678       0xb8 ./Core/Src/scheduler.o
                0x08002678                Scheduler_DeleteTask_byindex
 .text.setTimer4
                0x08002730       0x34 ./Core/Src/software_timer.o
                0x08002730                setTimer4
 .text.setTimer5
                0x08002764       0x34 ./Core/Src/software_timer.o
                0x08002764                setTimer5
 .text.timer_run
                0x08002798       0xfc ./Core/Src/software_timer.o
                0x08002798                timer_run
 .text.HAL_MspInit
                0x08002894       0x64 ./Core/Src/stm32f1xx_hal_msp.o
                0x08002894                HAL_MspInit
 .text.HAL_TIM_Base_MspInit
                0x080028f8       0x48 ./Core/Src/stm32f1xx_hal_msp.o
                0x080028f8                HAL_TIM_Base_MspInit
 .text.NMI_Handler
                0x08002940        0x8 ./Core/Src/stm32f1xx_it.o
                0x08002940                NMI_Handler
 .text.HardFault_Handler
                0x08002948        0x8 ./Core/Src/stm32f1xx_it.o
                0x08002948                HardFault_Handler
 .text.MemManage_Handler
                0x08002950        0x8 ./Core/Src/stm32f1xx_it.o
                0x08002950                MemManage_Handler
 .text.BusFault_Handler
                0x08002958        0x8 ./Core/Src/stm32f1xx_it.o
                0x08002958                BusFault_Handler
 .text.UsageFault_Handler
                0x08002960        0x8 ./Core/Src/stm32f1xx_it.o
                0x08002960                UsageFault_Handler
 .text.SVC_Handler
                0x08002968        0xc ./Core/Src/stm32f1xx_it.o
                0x08002968                SVC_Handler
 .text.DebugMon_Handler
                0x08002974        0xc ./Core/Src/stm32f1xx_it.o
                0x08002974                DebugMon_Handler
 .text.PendSV_Handler
                0x08002980        0xc ./Core/Src/stm32f1xx_it.o
                0x08002980                PendSV_Handler
 .text.SysTick_Handler
                0x0800298c        0xc ./Core/Src/stm32f1xx_it.o
                0x0800298c                SysTick_Handler
 .text.TIM2_IRQHandler
                0x08002998       0x14 ./Core/Src/stm32f1xx_it.o
                0x08002998                TIM2_IRQHandler
 .text.SystemInit
                0x080029ac        0xc ./Core/Src/system_stm32f1xx.o
                0x080029ac                SystemInit
 .text.Reset_Handler
                0x080029b8       0x48 ./Core/Startup/startup_stm32f103c6tx.o
                0x080029b8                Reset_Handler
 .text.Default_Handler
                0x08002a00        0x2 ./Core/Startup/startup_stm32f103c6tx.o
                0x08002a00                RTC_Alarm_IRQHandler
                0x08002a00                EXTI2_IRQHandler
                0x08002a00                TIM1_CC_IRQHandler
                0x08002a00                PVD_IRQHandler
                0x08002a00                EXTI3_IRQHandler
                0x08002a00                EXTI0_IRQHandler
                0x08002a00                ADC1_2_IRQHandler
                0x08002a00                SPI1_IRQHandler
                0x08002a00                TAMPER_IRQHandler
                0x08002a00                DMA1_Channel4_IRQHandler
                0x08002a00                RTC_IRQHandler
                0x08002a00                DMA1_Channel7_IRQHandler
                0x08002a00                CAN1_RX1_IRQHandler
                0x08002a00                I2C1_EV_IRQHandler
                0x08002a00                DMA1_Channel6_IRQHandler
                0x08002a00                TIM3_IRQHandler
                0x08002a00                RCC_IRQHandler
                0x08002a00                TIM1_TRG_COM_IRQHandler
                0x08002a00                DMA1_Channel1_IRQHandler
                0x08002a00                Default_Handler
                0x08002a00                EXTI15_10_IRQHandler
                0x08002a00                EXTI9_5_IRQHandler
                0x08002a00                DMA1_Channel5_IRQHandler
                0x08002a00                EXTI4_IRQHandler
                0x08002a00                USB_LP_CAN1_RX0_IRQHandler
                0x08002a00                USB_HP_CAN1_TX_IRQHandler
                0x08002a00                DMA1_Channel3_IRQHandler
                0x08002a00                TIM1_UP_IRQHandler
                0x08002a00                WWDG_IRQHandler
                0x08002a00                TIM1_BRK_IRQHandler
                0x08002a00                EXTI1_IRQHandler
                0x08002a00                USART2_IRQHandler
                0x08002a00                DMA1_Channel2_IRQHandler
                0x08002a00                CAN1_SCE_IRQHandler
                0x08002a00                FLASH_IRQHandler
                0x08002a00                USART1_IRQHandler
                0x08002a00                I2C1_ER_IRQHandler
                0x08002a00                USBWakeUp_IRQHandler
 *fill*         0x08002a02        0x2 
 .text.HAL_Init
                0x08002a04       0x2c ./Drivers/STM32F1xx_HAL_Driver/Src/stm32f1xx_hal.o
                0x08002a04                HAL_Init
 .text.HAL_InitTick
                0x08002a30       0x60 ./Drivers/STM32F1xx_HAL_Driver/Src/stm32f1xx_hal.o
                0x08002a30                HAL_InitTick
 .text.HAL_IncTick
                0x08002a90       0x24 ./Drivers/STM32F1xx_HAL_Driver/Src/stm32f1xx_hal.o
                0x08002a90                HAL_IncTick
 .text.HAL_GetTick
                0x08002ab4       0x14 ./Drivers/STM32F1xx_HAL_Driver/Src/stm32f1xx_hal.o
                0x08002ab4                HAL_GetTick
 .text.__NVIC_SetPriorityGrouping
                0x08002ac8       0x48 ./Drivers/STM32F1xx_HAL_Driver/Src/stm32f1xx_hal_cortex.o
 .text.__NVIC_GetPriorityGrouping
                0x08002b10       0x1c ./Drivers/STM32F1xx_HAL_Driver/Src/stm32f1xx_hal_cortex.o
 .text.__NVIC_EnableIRQ
                0x08002b2c       0x38 ./Drivers/STM32F1xx_HAL_Driver/Src/stm32f1xx_hal_cortex.o
 .text.__NVIC_SetPriority
                0x08002b64       0x54 ./Drivers/STM32F1xx_HAL_Driver/Src/stm32f1xx_hal_cortex.o
 .text.NVIC_EncodePriority
                0x08002bb8       0x64 ./Drivers/STM32F1xx_HAL_Driver/Src/stm32f1xx_hal_cortex.o
 .text.SysTick_Config
                0x08002c1c       0x44 ./Drivers/STM32F1xx_HAL_Driver/Src/stm32f1xx_hal_cortex.o
 .text.HAL_NVIC_SetPriorityGrouping
                0x08002c60       0x16 ./Drivers/STM32F1xx_HAL_Driver/Src/stm32f1xx_hal_cortex.o
                0x08002c60                HAL_NVIC_SetPriorityGrouping
 .text.HAL_NVIC_SetPriority
                0x08002c76       0x38 ./Drivers/STM32F1xx_HAL_Driver/Src/stm32f1xx_hal_cortex.o
                0x08002c76                HAL_NVIC_SetPriority
 .text.HAL_NVIC_EnableIRQ
                0x08002cae       0x1c ./Drivers/STM32F1xx_HAL_Driver/Src/stm32f1xx_hal_cortex.o
                0x08002cae                HAL_NVIC_EnableIRQ
 .text.HAL_SYSTICK_Config
                0x08002cca       0x18 ./Drivers/STM32F1xx_HAL_Driver/Src/stm32f1xx_hal_cortex.o
                0x08002cca                HAL_SYSTICK_Config
 *fill*         0x08002ce2        0x2 
 .text.HAL_GPIO_Init
                0x08002ce4      0x2f8 ./Drivers/STM32F1xx_HAL_Driver/Src/stm32f1xx_hal_gpio.o
                0x08002ce4                HAL_GPIO_Init
 .text.HAL_GPIO_ReadPin
                0x08002fdc       0x2e ./Drivers/STM32F1xx_HAL_Driver/Src/stm32f1xx_hal_gpio.o
                0x08002fdc                HAL_GPIO_ReadPin
 .text.HAL_GPIO_WritePin
                0x0800300a       0x30 ./Drivers/STM32F1xx_HAL_Driver/Src/stm32f1xx_hal_gpio.o
                0x0800300a                HAL_GPIO_WritePin
 .text.HAL_GPIO_TogglePin
                0x0800303a       0x32 ./Drivers/STM32F1xx_HAL_Driver/Src/stm32f1xx_hal_gpio.o
                0x0800303a                HAL_GPIO_TogglePin
 .text.HAL_RCC_OscConfig
                0x0800306c      0x504 ./Drivers/STM32F1xx_HAL_Driver/Src/stm32f1xx_hal_rcc.o
                0x0800306c                HAL_RCC_OscConfig
 .text.HAL_RCC_ClockConfig
                0x08003570      0x1d4 ./Drivers/STM32F1xx_HAL_Driver/Src/stm32f1xx_hal_rcc.o
                0x08003570                HAL_RCC_ClockConfig
 .text.HAL_RCC_GetSysClockFreq
                0x08003744       0xa8 ./Drivers/STM32F1xx_HAL_Driver/Src/stm32f1xx_hal_rcc.o
                0x08003744                HAL_RCC_GetSysClockFreq
 .text.RCC_Delay
                0x080037ec       0x3c ./Drivers/STM32F1xx_HAL_Driver/Src/stm32f1xx_hal_rcc.o
 .text.HAL_TIM_Base_Init
                0x08003828       0x9e ./Drivers/STM32F1xx_HAL_Driver/Src/stm32f1xx_hal_tim.o
                0x08003828                HAL_TIM_Base_Init
 *fill*         0x080038c6        0x2 
 .text.HAL_TIM_Base_Start_IT
                0x080038c8       0x98 ./Drivers/STM32F1xx_HAL_Driver/Src/stm32f1xx_hal_tim.o
                0x080038c8                HAL_TIM_Base_Start_IT
 .text.HAL_TIM_IRQHandler
                0x08003960      0x1e0 ./Drivers/STM32F1xx_HAL_Driver/Src/stm32f1xx_hal_tim.o
                0x08003960                HAL_TIM_IRQHandler
 .text.HAL_TIM_ConfigClockSource
                0x08003b40      0x18e ./Drivers/STM32F1xx_HAL_Driver/Src/stm32f1xx_hal_tim.o
                0x08003b40                HAL_TIM_ConfigClockSource
 .text.HAL_TIM_OC_DelayElapsedCallback
                0x08003cce       0x12 ./Drivers/STM32F1xx_HAL_Driver/Src/stm32f1xx_hal_tim.o
                0x08003cce                HAL_TIM_OC_DelayElapsedCallback
 .text.HAL_TIM_IC_CaptureCallback
                0x08003ce0       0x12 ./Drivers/STM32F1xx_HAL_Driver/Src/stm32f1xx_hal_tim.o
                0x08003ce0                HAL_TIM_IC_CaptureCallback
 .text.HAL_TIM_PWM_PulseFinishedCallback
                0x08003cf2       0x12 ./Drivers/STM32F1xx_HAL_Driver/Src/stm32f1xx_hal_tim.o
                0x08003cf2                HAL_TIM_PWM_PulseFinishedCallback
 .text.HAL_TIM_TriggerCallback
                0x08003d04       0x12 ./Drivers/STM32F1xx_HAL_Driver/Src/stm32f1xx_hal_tim.o
                0x08003d04                HAL_TIM_TriggerCallback
 *fill*         0x08003d16        0x2 
 .text.TIM_Base_SetConfig
                0x08003d18       0xc8 ./Drivers/STM32F1xx_HAL_Driver/Src/stm32f1xx_hal_tim.o
                0x08003d18                TIM_Base_SetConfig
 .text.TIM_TI1_ConfigInputStage
                0x08003de0       0x5c ./Drivers/STM32F1xx_HAL_Driver/Src/stm32f1xx_hal_tim.o
 .text.TIM_TI2_ConfigInputStage
                0x08003e3c       0x5e ./Drivers/STM32F1xx_HAL_Driver/Src/stm32f1xx_hal_tim.o
 .text.TIM_ITRx_SetConfig
                0x08003e9a       0x34 ./Drivers/STM32F1xx_HAL_Driver/Src/stm32f1xx_hal_tim.o
 .text.TIM_ETR_SetConfig
                0x08003ece       0x3e ./Drivers/STM32F1xx_HAL_Driver/Src/stm32f1xx_hal_tim.o
                0x08003ece                TIM_ETR_SetConfig
 .text.HAL_TIMEx_MasterConfigSynchronization
                0x08003f0c       0xb0 ./Drivers/STM32F1xx_HAL_Driver/Src/stm32f1xx_hal_tim_ex.o
                0x08003f0c                HAL_TIMEx_MasterConfigSynchronization
 .text.HAL_TIMEx_CommutCallback
                0x08003fbc       0x12 ./Drivers/STM32F1xx_HAL_Driver/Src/stm32f1xx_hal_tim_ex.o
                0x08003fbc                HAL_TIMEx_CommutCallback
 .text.HAL_TIMEx_BreakCallback
                0x08003fce       0x12 ./Drivers/STM32F1xx_HAL_Driver/Src/stm32f1xx_hal_tim_ex.o
                0x08003fce                HAL_TIMEx_BreakCallback
 .text.memset   0x08003fe0       0x10 C:/Program Files (x86)/ST/STM32CubeIDE_1.15.1/STM32CubeIDE/plugins/com.st.stm32cube.ide.mcu.externaltools.gnu-tools-for-stm32.12.3.rel1.win32_1.0.100.202403111256/tools/bin/../lib/gcc/arm-none-eabi/12.3.1/../../../../arm-none-eabi/lib/thumb/v7-m/nofp\libc_nano.a(libc_a-memset.o)
                0x08003fe0                memset
 .text.__libc_init_array
                0x08003ff0       0x48 C:/Program Files (x86)/ST/STM32CubeIDE_1.15.1/STM32CubeIDE/plugins/com.st.stm32cube.ide.mcu.externaltools.gnu-tools-for-stm32.12.3.rel1.win32_1.0.100.202403111256/tools/bin/../lib/gcc/arm-none-eabi/12.3.1/../../../../arm-none-eabi/lib/thumb/v7-m/nofp\libc_nano.a(libc_a-init.o)
                0x08003ff0                __libc_init_array
 .text.ceil     0x08004038       0xf8 C:/Program Files (x86)/ST/STM32CubeIDE_1.15.1/STM32CubeIDE/plugins/com.st.stm32cube.ide.mcu.externaltools.gnu-tools-for-stm32.12.3.rel1.win32_1.0.100.202403111256/tools/bin/../lib/gcc/arm-none-eabi/12.3.1/../../../../arm-none-eabi/lib/thumb/v7-m/nofp\libm.a(libm_a-s_ceil.o)
                0x08004038                ceil
 *(.glue_7)
 .glue_7        0x08004130        0x0 linker stubs
 *(.glue_7t)
 .glue_7t       0x08004130        0x0 linker stubs
 *(.eh_frame)
 .eh_frame      0x08004130        0x0 C:/Program Files (x86)/ST/STM32CubeIDE_1.15.1/STM32CubeIDE/plugins/com.st.stm32cube.ide.mcu.externaltools.gnu-tools-for-stm32.12.3.rel1.win32_1.0.100.202403111256/tools/bin/../lib/gcc/arm-none-eabi/12.3.1/thumb/v7-m/nofp/crtbegin.o
 *(.init)
 .init          0x08004130        0x4 C:/Program Files (x86)/ST/STM32CubeIDE_1.15.1/STM32CubeIDE/plugins/com.st.stm32cube.ide.mcu.externaltools.gnu-tools-for-stm32.12.3.rel1.win32_1.0.100.202403111256/tools/bin/../lib/gcc/arm-none-eabi/12.3.1/thumb/v7-m/nofp/crti.o
                0x08004130                _init
 .init          0x08004134        0x8 C:/Program Files (x86)/ST/STM32CubeIDE_1.15.1/STM32CubeIDE/plugins/com.st.stm32cube.ide.mcu.externaltools.gnu-tools-for-stm32.12.3.rel1.win32_1.0.100.202403111256/tools/bin/../lib/gcc/arm-none-eabi/12.3.1/thumb/v7-m/nofp/crtn.o
 *(.fini)
 .fini          0x0800413c        0x4 C:/Program Files (x86)/ST/STM32CubeIDE_1.15.1/STM32CubeIDE/plugins/com.st.stm32cube.ide.mcu.externaltools.gnu-tools-for-stm32.12.3.rel1.win32_1.0.100.202403111256/tools/bin/../lib/gcc/arm-none-eabi/12.3.1/thumb/v7-m/nofp/crti.o
                0x0800413c                _fini
 .fini          0x08004140        0x8 C:/Program Files (x86)/ST/STM32CubeIDE_1.15.1/STM32CubeIDE/plugins/com.st.stm32cube.ide.mcu.externaltools.gnu-tools-for-stm32.12.3.rel1.win32_1.0.100.202403111256/tools/bin/../lib/gcc/arm-none-eabi/12.3.1/thumb/v7-m/nofp/crtn.o
                0x08004148                        . = ALIGN (0x4)
                0x08004148                        _etext = .

.vfp11_veneer   0x08004148        0x0
 .vfp11_veneer  0x08004148        0x0 linker stubs

.v4_bx          0x08004148        0x0
 .v4_bx         0x08004148        0x0 linker stubs

.iplt           0x08004148        0x0
 .iplt          0x08004148        0x0 C:/Program Files (x86)/ST/STM32CubeIDE_1.15.1/STM32CubeIDE/plugins/com.st.stm32cube.ide.mcu.externaltools.gnu-tools-for-stm32.12.3.rel1.win32_1.0.100.202403111256/tools/bin/../lib/gcc/arm-none-eabi/12.3.1/thumb/v7-m/nofp/crtbegin.o

.rodata         0x08004148       0x24
                0x08004148                        . = ALIGN (0x4)
 *(.rodata)
 *(.rodata*)
 .rodata.AHBPrescTable
                0x08004148       0x10 ./Core/Src/system_stm32f1xx.o
                0x08004148                AHBPrescTable
 .rodata.aPLLMULFactorTable.1
                0x08004158       0x10 ./Drivers/STM32F1xx_HAL_Driver/Src/stm32f1xx_hal_rcc.o
 .rodata.aPredivFactorTable.0
                0x08004168        0x2 ./Drivers/STM32F1xx_HAL_Driver/Src/stm32f1xx_hal_rcc.o
                0x0800416c                        . = ALIGN (0x4)
 *fill*         0x0800416a        0x2 

.ARM.extab      0x0800416c        0x0
                0x0800416c                        . = ALIGN (0x4)
 *(.ARM.extab* .gnu.linkonce.armextab.*)
                0x0800416c                        . = ALIGN (0x4)

.ARM            0x0800416c        0x0
                0x0800416c                        . = ALIGN (0x4)
                0x0800416c                        __exidx_start = .
 *(.ARM.exidx*)
                0x0800416c                        __exidx_end = .
                0x0800416c                        . = ALIGN (0x4)

.preinit_array  0x0800416c        0x0
                0x0800416c                        . = ALIGN (0x4)
                0x0800416c                        PROVIDE (__preinit_array_start = .)
 *(.preinit_array*)
                0x0800416c                        PROVIDE (__preinit_array_end = .)
                0x0800416c                        . = ALIGN (0x4)

.init_array     0x0800416c        0x4
                0x0800416c                        . = ALIGN (0x4)
                0x0800416c                        PROVIDE (__init_array_start = .)
 *(SORT_BY_NAME(.init_array.*))
 *(.init_array*)
 .init_array    0x0800416c        0x4 C:/Program Files (x86)/ST/STM32CubeIDE_1.15.1/STM32CubeIDE/plugins/com.st.stm32cube.ide.mcu.externaltools.gnu-tools-for-stm32.12.3.rel1.win32_1.0.100.202403111256/tools/bin/../lib/gcc/arm-none-eabi/12.3.1/thumb/v7-m/nofp/crtbegin.o
                0x08004170                        PROVIDE (__init_array_end = .)
                0x08004170                        . = ALIGN (0x4)

.fini_array     0x08004170        0x4
                0x08004170                        . = ALIGN (0x4)
                [!provide]                        PROVIDE (__fini_array_start = .)
 *(SORT_BY_NAME(.fini_array.*))
 *(.fini_array*)
 .fini_array    0x08004170        0x4 C:/Program Files (x86)/ST/STM32CubeIDE_1.15.1/STM32CubeIDE/plugins/com.st.stm32cube.ide.mcu.externaltools.gnu-tools-for-stm32.12.3.rel1.win32_1.0.100.202403111256/tools/bin/../lib/gcc/arm-none-eabi/12.3.1/thumb/v7-m/nofp/crtbegin.o
                [!provide]                        PROVIDE (__fini_array_end = .)
                0x08004174                        . = ALIGN (0x4)
                0x08004174                        _sidata = LOADADDR (.data)

.rel.dyn        0x08004174        0x0
 .rel.iplt      0x08004174        0x0 C:/Program Files (x86)/ST/STM32CubeIDE_1.15.1/STM32CubeIDE/plugins/com.st.stm32cube.ide.mcu.externaltools.gnu-tools-for-stm32.12.3.rel1.win32_1.0.100.202403111256/tools/bin/../lib/gcc/arm-none-eabi/12.3.1/thumb/v7-m/nofp/crtbegin.o

.data           0x20000000       0x74 load address 0x08004174
                0x20000000                        . = ALIGN (0x4)
                0x20000000                        _sdata = .
 *(.data)
 *(.data*)
 .data.firstCall.3
                0x20000000        0x4 ./Core/Src/7Segs.o
 .data.firstCall.1
                0x20000004        0x4 ./Core/Src/7Segs.o
 .data.KeyReg0_1
                0x20000008        0x4 ./Core/Src/button.o
                0x20000008                KeyReg0_1
 .data.KeyReg1_1
                0x2000000c        0x4 ./Core/Src/button.o
                0x2000000c                KeyReg1_1
 .data.KeyReg2_1
                0x20000010        0x4 ./Core/Src/button.o
                0x20000010                KeyReg2_1
 .data.KeyReg3_1
                0x20000014        0x4 ./Core/Src/button.o
                0x20000014                KeyReg3_1
 .data.TimeOutForKeyPress_1
                0x20000018        0x4 ./Core/Src/button.o
                0x20000018                TimeOutForKeyPress_1
 .data.KeyReg0_2
                0x2000001c        0x4 ./Core/Src/button.o
                0x2000001c                KeyReg0_2
 .data.KeyReg1_2
                0x20000020        0x4 ./Core/Src/button.o
                0x20000020                KeyReg1_2
 .data.KeyReg2_2
                0x20000024        0x4 ./Core/Src/button.o
                0x20000024                KeyReg2_2
 .data.KeyReg3_2
                0x20000028        0x4 ./Core/Src/button.o
                0x20000028                KeyReg3_2
 .data.TimeOutForKeyPress_2
                0x2000002c        0x4 ./Core/Src/button.o
                0x2000002c                TimeOutForKeyPress_2
 .data.KeyReg0_3
                0x20000030        0x4 ./Core/Src/button.o
                0x20000030                KeyReg0_3
 .data.KeyReg1_3
                0x20000034        0x4 ./Core/Src/button.o
                0x20000034                KeyReg1_3
 .data.KeyReg2_3
                0x20000038        0x4 ./Core/Src/button.o
                0x20000038                KeyReg2_3
 .data.KeyReg3_3
                0x2000003c        0x4 ./Core/Src/button.o
                0x2000003c                KeyReg3_3
 .data.TimeOutForKeyPress_3
                0x20000040        0x4 ./Core/Src/button.o
                0x20000040                TimeOutForKeyPress_3
 .data.red_duration
                0x20000044        0x4 ./Core/Src/fsm_select_mode.o
                0x20000044                red_duration
 .data.green_duration
                0x20000048        0x4 ./Core/Src/fsm_select_mode.o
                0x20000048                green_duration
 .data.yellow_duration
                0x2000004c        0x4 ./Core/Src/fsm_select_mode.o
                0x2000004c                yellow_duration
 .data.status_way2
                0x20000050        0x4 ./Core/Src/gobal.o
                0x20000050                status_way2
 .data.red_led_duration
                0x20000054        0x4 ./Core/Src/gobal.o
                0x20000054                red_led_duration
 .data.green_led_duration
                0x20000058        0x4 ./Core/Src/gobal.o
                0x20000058                green_led_duration
 .data.yellow_led_duration
                0x2000005c        0x4 ./Core/Src/gobal.o
                0x2000005c                yellow_led_duration
 .data.SCH_TIMER_CYCLE
                0x20000060        0x4 ./Core/Src/scheduler.o
                0x20000060                SCH_TIMER_CYCLE
 .data.TIMER_CYCLE
                0x20000064        0x4 ./Core/Src/software_timer.o
                0x20000064                TIMER_CYCLE
 .data.SystemCoreClock
                0x20000068        0x4 ./Core/Src/system_stm32f1xx.o
                0x20000068                SystemCoreClock
 .data.uwTickPrio
                0x2000006c        0x4 ./Drivers/STM32F1xx_HAL_Driver/Src/stm32f1xx_hal.o
                0x2000006c                uwTickPrio
 .data.uwTickFreq
                0x20000070        0x1 ./Drivers/STM32F1xx_HAL_Driver/Src/stm32f1xx_hal.o
                0x20000070                uwTickFreq
 *(.RamFunc)
 *(.RamFunc*)
                0x20000074                        . = ALIGN (0x4)
 *fill*         0x20000071        0x3 
                0x20000074                        _edata = .

.igot.plt       0x20000074        0x0 load address 0x080041e8
 .igot.plt      0x20000074        0x0 C:/Program Files (x86)/ST/STM32CubeIDE_1.15.1/STM32CubeIDE/plugins/com.st.stm32cube.ide.mcu.externaltools.gnu-tools-for-stm32.12.3.rel1.win32_1.0.100.202403111256/tools/bin/../lib/gcc/arm-none-eabi/12.3.1/thumb/v7-m/nofp/crtbegin.o
                0x20000074                        . = ALIGN (0x4)

.bss            0x20000074      0x1b4 load address 0x080041e8
                0x20000074                        _sbss = .
                0x20000074                        __bss_start__ = _sbss
 *(.bss)
 .bss           0x20000074       0x1c C:/Program Files (x86)/ST/STM32CubeIDE_1.15.1/STM32CubeIDE/plugins/com.st.stm32cube.ide.mcu.externaltools.gnu-tools-for-stm32.12.3.rel1.win32_1.0.100.202403111256/tools/bin/../lib/gcc/arm-none-eabi/12.3.1/thumb/v7-m/nofp/crtbegin.o
 *(.bss*)
 .bss.digit.2   0x20000090        0x4 ./Core/Src/7Segs.o
 .bss.digit.0   0x20000094        0x4 ./Core/Src/7Segs.o
 .bss.button1_long_pressed_flag
                0x20000098        0x4 ./Core/Src/button.o
                0x20000098                button1_long_pressed_flag
 .bss.button1_flag
                0x2000009c        0x4 ./Core/Src/button.o
                0x2000009c                button1_flag
 .bss.button2_long_pressed_flag
                0x200000a0        0x4 ./Core/Src/button.o
                0x200000a0                button2_long_pressed_flag
 .bss.button2_flag
                0x200000a4        0x4 ./Core/Src/button.o
                0x200000a4                button2_flag
 .bss.button3_long_pressed_flag
                0x200000a8        0x4 ./Core/Src/button.o
                0x200000a8                button3_long_pressed_flag
 .bss.button3_flag
                0x200000ac        0x4 ./Core/Src/button.o
                0x200000ac                button3_flag
 .bss.countdown_way1
                0x200000b0        0x4 ./Core/Src/fsm_automatic.o
 .bss.countdown_way2
                0x200000b4        0x4 ./Core/Src/fsm_automatic.o
 .bss.status_way1
                0x200000b8        0x4 ./Core/Src/gobal.o
                0x200000b8                status_way1
 .bss.htim2     0x200000bc       0x48 ./Core/Src/main.o
                0x200000bc                htim2
 .bss.SCH_tasks_G
                0x20000104       0xf0 ./Core/Src/scheduler.o
 .bss.timer0_counter
                0x200001f4        0x4 ./Core/Src/software_timer.o
                0x200001f4                timer0_counter
 .bss.timer1_counter
                0x200001f8        0x4 ./Core/Src/software_timer.o
                0x200001f8                timer1_counter
 .bss.timer2_counter
                0x200001fc        0x4 ./Core/Src/software_timer.o
                0x200001fc                timer2_counter
 .bss.timer3_counter
                0x20000200        0x4 ./Core/Src/software_timer.o
                0x20000200                timer3_counter
 .bss.timer4_counter
                0x20000204        0x4 ./Core/Src/software_timer.o
                0x20000204                timer4_counter
 .bss.timer5_counter
                0x20000208        0x4 ./Core/Src/software_timer.o
                0x20000208                timer5_counter
 .bss.timer0_flag
                0x2000020c        0x4 ./Core/Src/software_timer.o
                0x2000020c                timer0_flag
 .bss.timer1_flag
                0x20000210        0x4 ./Core/Src/software_timer.o
                0x20000210                timer1_flag
 .bss.timer2_flag
                0x20000214        0x4 ./Core/Src/software_timer.o
                0x20000214                timer2_flag
 .bss.timer3_flag
                0x20000218        0x4 ./Core/Src/software_timer.o
                0x20000218                timer3_flag
 .bss.timer4_flag
                0x2000021c        0x4 ./Core/Src/software_timer.o
                0x2000021c                timer4_flag
 .bss.timer5_flag
                0x20000220        0x4 ./Core/Src/software_timer.o
                0x20000220                timer5_flag
 .bss.uwTick    0x20000224        0x4 ./Drivers/STM32F1xx_HAL_Driver/Src/stm32f1xx_hal.o
                0x20000224                uwTick
 *(COMMON)
                0x20000228                        . = ALIGN (0x4)
                0x20000228                        _ebss = .
                0x20000228                        __bss_end__ = _ebss

._user_heap_stack
                0x20000228      0x600 load address 0x080041e8
                0x20000228                        . = ALIGN (0x8)
                [!provide]                        PROVIDE (end = .)
                0x20000228                        PROVIDE (_end = .)
                0x20000428                        . = (. + _Min_Heap_Size)
 *fill*         0x20000228      0x200 
                0x20000828                        . = (. + _Min_Stack_Size)
 *fill*         0x20000428      0x400 
                0x20000828                        . = ALIGN (0x8)

/DISCARD/
 libc.a(*)
 libm.a(*)
 libgcc.a(*)

.ARM.attributes
                0x00000000       0x29
 *(.ARM.attributes)
 .ARM.attributes
                0x00000000       0x1d C:/Program Files (x86)/ST/STM32CubeIDE_1.15.1/STM32CubeIDE/plugins/com.st.stm32cube.ide.mcu.externaltools.gnu-tools-for-stm32.12.3.rel1.win32_1.0.100.202403111256/tools/bin/../lib/gcc/arm-none-eabi/12.3.1/thumb/v7-m/nofp/crti.o
 .ARM.attributes
                0x0000001d       0x2d C:/Program Files (x86)/ST/STM32CubeIDE_1.15.1/STM32CubeIDE/plugins/com.st.stm32cube.ide.mcu.externaltools.gnu-tools-for-stm32.12.3.rel1.win32_1.0.100.202403111256/tools/bin/../lib/gcc/arm-none-eabi/12.3.1/thumb/v7-m/nofp/crtbegin.o
 .ARM.attributes
                0x0000004a       0x2d ./Core/Src/7Segs.o
 .ARM.attributes
                0x00000077       0x2d ./Core/Src/button.o
 .ARM.attributes
                0x000000a4       0x2d ./Core/Src/fsm_automatic.o
 .ARM.attributes
                0x000000d1       0x2d ./Core/Src/fsm_select_mode.o
 .ARM.attributes
                0x000000fe       0x2d ./Core/Src/gobal.o
 .ARM.attributes
                0x0000012b       0x2d ./Core/Src/main.o
 .ARM.attributes
                0x00000158       0x2d ./Core/Src/scheduler.o
 .ARM.attributes
                0x00000185       0x2d ./Core/Src/software_timer.o
 .ARM.attributes
                0x000001b2       0x2d ./Core/Src/stm32f1xx_hal_msp.o
 .ARM.attributes
                0x000001df       0x2d ./Core/Src/stm32f1xx_it.o
 .ARM.attributes
                0x0000020c       0x2d ./Core/Src/system_stm32f1xx.o
 .ARM.attributes
                0x00000239       0x21 ./Core/Startup/startup_stm32f103c6tx.o
 .ARM.attributes
                0x0000025a       0x2d ./Drivers/STM32F1xx_HAL_Driver/Src/stm32f1xx_hal.o
 .ARM.attributes
                0x00000287       0x2d ./Drivers/STM32F1xx_HAL_Driver/Src/stm32f1xx_hal_cortex.o
 .ARM.attributes
                0x000002b4       0x2d ./Drivers/STM32F1xx_HAL_Driver/Src/stm32f1xx_hal_gpio.o
 .ARM.attributes
                0x000002e1       0x2d ./Drivers/STM32F1xx_HAL_Driver/Src/stm32f1xx_hal_rcc.o
 .ARM.attributes
                0x0000030e       0x2d ./Drivers/STM32F1xx_HAL_Driver/Src/stm32f1xx_hal_tim.o
 .ARM.attributes
                0x0000033b       0x2d ./Drivers/STM32F1xx_HAL_Driver/Src/stm32f1xx_hal_tim_ex.o
 .ARM.attributes
                0x00000368       0x2d C:/Program Files (x86)/ST/STM32CubeIDE_1.15.1/STM32CubeIDE/plugins/com.st.stm32cube.ide.mcu.externaltools.gnu-tools-for-stm32.12.3.rel1.win32_1.0.100.202403111256/tools/bin/../lib/gcc/arm-none-eabi/12.3.1/../../../../arm-none-eabi/lib/thumb/v7-m/nofp\libc_nano.a(libc_a-memset.o)
 .ARM.attributes
                0x00000395       0x2d C:/Program Files (x86)/ST/STM32CubeIDE_1.15.1/STM32CubeIDE/plugins/com.st.stm32cube.ide.mcu.externaltools.gnu-tools-for-stm32.12.3.rel1.win32_1.0.100.202403111256/tools/bin/../lib/gcc/arm-none-eabi/12.3.1/../../../../arm-none-eabi/lib/thumb/v7-m/nofp\libc_nano.a(libc_a-init.o)
 .ARM.attributes
                0x000003c2       0x2d C:/Program Files (x86)/ST/STM32CubeIDE_1.15.1/STM32CubeIDE/plugins/com.st.stm32cube.ide.mcu.externaltools.gnu-tools-for-stm32.12.3.rel1.win32_1.0.100.202403111256/tools/bin/../lib/gcc/arm-none-eabi/12.3.1/../../../../arm-none-eabi/lib/thumb/v7-m/nofp\libm.a(libm_a-s_ceil.o)
 .ARM.attributes
                0x000003ef       0x1d C:/Program Files (x86)/ST/STM32CubeIDE_1.15.1/STM32CubeIDE/plugins/com.st.stm32cube.ide.mcu.externaltools.gnu-tools-for-stm32.12.3.rel1.win32_1.0.100.202403111256/tools/bin/../lib/gcc/arm-none-eabi/12.3.1/thumb/v7-m/nofp\libgcc.a(_arm_addsubdf3.o)
 .ARM.attributes
                0x0000040c       0x1d C:/Program Files (x86)/ST/STM32CubeIDE_1.15.1/STM32CubeIDE/plugins/com.st.stm32cube.ide.mcu.externaltools.gnu-tools-for-stm32.12.3.rel1.win32_1.0.100.202403111256/tools/bin/../lib/gcc/arm-none-eabi/12.3.1/thumb/v7-m/nofp\libgcc.a(_arm_muldivdf3.o)
 .ARM.attributes
                0x00000429       0x1d C:/Program Files (x86)/ST/STM32CubeIDE_1.15.1/STM32CubeIDE/plugins/com.st.stm32cube.ide.mcu.externaltools.gnu-tools-for-stm32.12.3.rel1.win32_1.0.100.202403111256/tools/bin/../lib/gcc/arm-none-eabi/12.3.1/thumb/v7-m/nofp\libgcc.a(_arm_cmpdf2.o)
 .ARM.attributes
                0x00000446       0x1d C:/Program Files (x86)/ST/STM32CubeIDE_1.15.1/STM32CubeIDE/plugins/com.st.stm32cube.ide.mcu.externaltools.gnu-tools-for-stm32.12.3.rel1.win32_1.0.100.202403111256/tools/bin/../lib/gcc/arm-none-eabi/12.3.1/thumb/v7-m/nofp\libgcc.a(_arm_fixdfsi.o)
 .ARM.attributes
                0x00000463       0x1d C:/Program Files (x86)/ST/STM32CubeIDE_1.15.1/STM32CubeIDE/plugins/com.st.stm32cube.ide.mcu.externaltools.gnu-tools-for-stm32.12.3.rel1.win32_1.0.100.202403111256/tools/bin/../lib/gcc/arm-none-eabi/12.3.1/thumb/v7-m/nofp/crtn.o
OUTPUT(LAB 4 C6.elf elf32-littlearm)
LOAD linker stubs
LOAD C:/Program Files (x86)/ST/STM32CubeIDE_1.15.1/STM32CubeIDE/plugins/com.st.stm32cube.ide.mcu.externaltools.gnu-tools-for-stm32.12.3.rel1.win32_1.0.100.202403111256/tools/bin/../lib/gcc/arm-none-eabi/12.3.1/../../../../arm-none-eabi/lib/thumb/v7-m/nofp\libc.a
LOAD C:/Program Files (x86)/ST/STM32CubeIDE_1.15.1/STM32CubeIDE/plugins/com.st.stm32cube.ide.mcu.externaltools.gnu-tools-for-stm32.12.3.rel1.win32_1.0.100.202403111256/tools/bin/../lib/gcc/arm-none-eabi/12.3.1/../../../../arm-none-eabi/lib/thumb/v7-m/nofp\libm.a
LOAD C:/Program Files (x86)/ST/STM32CubeIDE_1.15.1/STM32CubeIDE/plugins/com.st.stm32cube.ide.mcu.externaltools.gnu-tools-for-stm32.12.3.rel1.win32_1.0.100.202403111256/tools/bin/../lib/gcc/arm-none-eabi/12.3.1/thumb/v7-m/nofp\libgcc.a

.debug_info     0x00000000     0x8d39
 .debug_info    0x00000000      0x2f5 ./Core/Src/7Segs.o
 .debug_info    0x000002f5      0x3b3 ./Core/Src/button.o
 .debug_info    0x000006a8      0x2cd ./Core/Src/fsm_automatic.o
 .debug_info    0x00000975      0x347 ./Core/Src/fsm_select_mode.o
 .debug_info    0x00000cbc       0xe5 ./Core/Src/gobal.o
 .debug_info    0x00000da1      0xbce ./Core/Src/main.o
 .debug_info    0x0000196f      0x2ce ./Core/Src/scheduler.o
 .debug_info    0x00001c3d      0x22c ./Core/Src/software_timer.o
 .debug_info    0x00001e69      0x91a ./Core/Src/stm32f1xx_hal_msp.o
 .debug_info    0x00002783      0x6a1 ./Core/Src/stm32f1xx_it.o
 .debug_info    0x00002e24      0x222 ./Core/Src/system_stm32f1xx.o
 .debug_info    0x00003046       0x30 ./Core/Startup/startup_stm32f103c6tx.o
 .debug_info    0x00003076      0x6e6 ./Drivers/STM32F1xx_HAL_Driver/Src/stm32f1xx_hal.o
 .debug_info    0x0000375c      0xa69 ./Drivers/STM32F1xx_HAL_Driver/Src/stm32f1xx_hal_cortex.o
 .debug_info    0x000041c5      0x5ab ./Drivers/STM32F1xx_HAL_Driver/Src/stm32f1xx_hal_gpio.o
 .debug_info    0x00004770      0x7d5 ./Drivers/STM32F1xx_HAL_Driver/Src/stm32f1xx_hal_rcc.o
 .debug_info    0x00004f45     0x2959 ./Drivers/STM32F1xx_HAL_Driver/Src/stm32f1xx_hal_tim.o
 .debug_info    0x0000789e     0x149b ./Drivers/STM32F1xx_HAL_Driver/Src/stm32f1xx_hal_tim_ex.o

.debug_abbrev   0x00000000     0x1e35
 .debug_abbrev  0x00000000      0x198 ./Core/Src/7Segs.o
 .debug_abbrev  0x00000198      0x14d ./Core/Src/button.o
 .debug_abbrev  0x000002e5      0x18d ./Core/Src/fsm_automatic.o
 .debug_abbrev  0x00000472      0x1ba ./Core/Src/fsm_select_mode.o
 .debug_abbrev  0x0000062c       0x4e ./Core/Src/gobal.o
 .debug_abbrev  0x0000067a      0x2b3 ./Core/Src/main.o
 .debug_abbrev  0x0000092d      0x151 ./Core/Src/scheduler.o
 .debug_abbrev  0x00000a7e       0xa7 ./Core/Src/software_timer.o
 .debug_abbrev  0x00000b25      0x1ad ./Core/Src/stm32f1xx_hal_msp.o
 .debug_abbrev  0x00000cd2      0x191 ./Core/Src/stm32f1xx_it.o
 .debug_abbrev  0x00000e63      0x13f ./Core/Src/system_stm32f1xx.o
 .debug_abbrev  0x00000fa2       0x24 ./Core/Startup/startup_stm32f103c6tx.o
 .debug_abbrev  0x00000fc6      0x201 ./Drivers/STM32F1xx_HAL_Driver/Src/stm32f1xx_hal.o
 .debug_abbrev  0x000011c7      0x2f8 ./Drivers/STM32F1xx_HAL_Driver/Src/stm32f1xx_hal_cortex.o
 .debug_abbrev  0x000014bf      0x1ca ./Drivers/STM32F1xx_HAL_Driver/Src/stm32f1xx_hal_gpio.o
 .debug_abbrev  0x00001689      0x2b3 ./Drivers/STM32F1xx_HAL_Driver/Src/stm32f1xx_hal_rcc.o
 .debug_abbrev  0x0000193c      0x277 ./Drivers/STM32F1xx_HAL_Driver/Src/stm32f1xx_hal_tim.o
 .debug_abbrev  0x00001bb3      0x282 ./Drivers/STM32F1xx_HAL_Driver/Src/stm32f1xx_hal_tim_ex.o

.debug_aranges  0x00000000      0xb40
 .debug_aranges
                0x00000000       0x40 ./Core/Src/7Segs.o
 .debug_aranges
                0x00000040       0x58 ./Core/Src/button.o
 .debug_aranges
                0x00000098       0x68 ./Core/Src/fsm_automatic.o
 .debug_aranges
                0x00000100       0x58 ./Core/Src/fsm_select_mode.o
 .debug_aranges
                0x00000158       0x18 ./Core/Src/gobal.o
 .debug_aranges
                0x00000170       0x48 ./Core/Src/main.o
 .debug_aranges
                0x000001b8       0x50 ./Core/Src/scheduler.o
 .debug_aranges
                0x00000208       0x50 ./Core/Src/software_timer.o
 .debug_aranges
                0x00000258       0x30 ./Core/Src/stm32f1xx_hal_msp.o
 .debug_aranges
                0x00000288       0x68 ./Core/Src/stm32f1xx_it.o
 .debug_aranges
                0x000002f0       0x28 ./Core/Src/system_stm32f1xx.o
 .debug_aranges
                0x00000318       0x28 ./Core/Startup/startup_stm32f103c6tx.o
 .debug_aranges
                0x00000340       0xe0 ./Drivers/STM32F1xx_HAL_Driver/Src/stm32f1xx_hal.o
 .debug_aranges
                0x00000420      0x100 ./Drivers/STM32F1xx_HAL_Driver/Src/stm32f1xx_hal_cortex.o
 .debug_aranges
                0x00000520       0x58 ./Drivers/STM32F1xx_HAL_Driver/Src/stm32f1xx_hal_gpio.o
 .debug_aranges
                0x00000578       0x90 ./Drivers/STM32F1xx_HAL_Driver/Src/stm32f1xx_hal_rcc.o
 .debug_aranges
                0x00000608      0x3d0 ./Drivers/STM32F1xx_HAL_Driver/Src/stm32f1xx_hal_tim.o
 .debug_aranges
                0x000009d8      0x168 ./Drivers/STM32F1xx_HAL_Driver/Src/stm32f1xx_hal_tim_ex.o

.debug_rnglists
                0x00000000      0x884
 .debug_rnglists
                0x00000000       0x30 ./Core/Src/7Segs.o
 .debug_rnglists
                0x00000030       0x3e ./Core/Src/button.o
 .debug_rnglists
                0x0000006e       0x4b ./Core/Src/fsm_automatic.o
 .debug_rnglists
                0x000000b9       0x40 ./Core/Src/fsm_select_mode.o
 .debug_rnglists
                0x000000f9       0x33 ./Core/Src/main.o
 .debug_rnglists
                0x0000012c       0x3d ./Core/Src/scheduler.o
 .debug_rnglists
                0x00000169       0x38 ./Core/Src/software_timer.o
 .debug_rnglists
                0x000001a1       0x1f ./Core/Src/stm32f1xx_hal_msp.o
 .debug_rnglists
                0x000001c0       0x49 ./Core/Src/stm32f1xx_it.o
 .debug_rnglists
                0x00000209       0x1a ./Core/Src/system_stm32f1xx.o
 .debug_rnglists
                0x00000223       0x19 ./Core/Startup/startup_stm32f103c6tx.o
 .debug_rnglists
                0x0000023c       0xa3 ./Drivers/STM32F1xx_HAL_Driver/Src/stm32f1xx_hal.o
 .debug_rnglists
                0x000002df       0xbb ./Drivers/STM32F1xx_HAL_Driver/Src/stm32f1xx_hal_cortex.o
 .debug_rnglists
                0x0000039a       0x3f ./Drivers/STM32F1xx_HAL_Driver/Src/stm32f1xx_hal_gpio.o
 .debug_rnglists
                0x000003d9       0x6c ./Drivers/STM32F1xx_HAL_Driver/Src/stm32f1xx_hal_rcc.o
 .debug_rnglists
                0x00000445      0x31a ./Drivers/STM32F1xx_HAL_Driver/Src/stm32f1xx_hal_tim.o
 .debug_rnglists
                0x0000075f      0x125 ./Drivers/STM32F1xx_HAL_Driver/Src/stm32f1xx_hal_tim_ex.o

.debug_macro    0x00000000    0x179d6
 .debug_macro   0x00000000      0x1fc ./Core/Src/7Segs.o
 .debug_macro   0x000001fc      0xaa8 ./Core/Src/7Segs.o
 .debug_macro   0x00000ca4      0x215 ./Core/Src/7Segs.o
 .debug_macro   0x00000eb9       0x2e ./Core/Src/7Segs.o
 .debug_macro   0x00000ee7       0x22 ./Core/Src/7Segs.o
 .debug_macro   0x00000f09       0x22 ./Core/Src/7Segs.o
 .debug_macro   0x00000f2b       0x8e ./Core/Src/7Segs.o
 .debug_macro   0x00000fb9       0x51 ./Core/Src/7Segs.o
 .debug_macro   0x0000100a      0x103 ./Core/Src/7Segs.o
 .debug_macro   0x0000110d       0x6a ./Core/Src/7Segs.o
 .debug_macro   0x00001177      0x1df ./Core/Src/7Segs.o
 .debug_macro   0x00001356       0x1c ./Core/Src/7Segs.o
 .debug_macro   0x00001372       0x22 ./Core/Src/7Segs.o
 .debug_macro   0x00001394       0xbd ./Core/Src/7Segs.o
 .debug_macro   0x00001451      0xd23 ./Core/Src/7Segs.o
 .debug_macro   0x00002174     0xde75 ./Core/Src/7Segs.o
 .debug_macro   0x0000ffe9       0x6d ./Core/Src/7Segs.o
 .debug_macro   0x00010056     0x34a2 ./Core/Src/7Segs.o
 .debug_macro   0x000134f8      0x189 ./Core/Src/7Segs.o
 .debug_macro   0x00013681       0x5c ./Core/Src/7Segs.o
 .debug_macro   0x000136dd      0x5bc ./Core/Src/7Segs.o
 .debug_macro   0x00013c99      0x1b7 ./Core/Src/7Segs.o
 .debug_macro   0x00013e50      0x1cb ./Core/Src/7Segs.o
 .debug_macro   0x0001401b      0x114 ./Core/Src/7Segs.o
 .debug_macro   0x0001412f      0x1b2 ./Core/Src/7Segs.o
 .debug_macro   0x000142e1       0x27 ./Core/Src/7Segs.o
 .debug_macro   0x00014308      0x12f ./Core/Src/7Segs.o
 .debug_macro   0x00014437      0x1bc ./Core/Src/7Segs.o
 .debug_macro   0x000145f3       0x34 ./Core/Src/7Segs.o
 .debug_macro   0x00014627       0x3c ./Core/Src/7Segs.o
 .debug_macro   0x00014663       0x57 ./Core/Src/7Segs.o
 .debug_macro   0x000146ba       0x87 ./Core/Src/7Segs.o
 .debug_macro   0x00014741      0x183 ./Core/Src/7Segs.o
 .debug_macro   0x000148c4      0x140 ./Core/Src/7Segs.o
 .debug_macro   0x00014a04      0x8ed ./Core/Src/7Segs.o
 .debug_macro   0x000152f1       0x69 ./Core/Src/7Segs.o
 .debug_macro   0x0001535a      0x148 ./Core/Src/7Segs.o
 .debug_macro   0x000154a2       0x10 ./Core/Src/7Segs.o
 .debug_macro   0x000154b2       0x22 ./Core/Src/7Segs.o
 .debug_macro   0x000154d4       0x10 ./Core/Src/7Segs.o
 .debug_macro   0x000154e4       0x64 ./Core/Src/7Segs.o
 .debug_macro   0x00015548      0x1b5 ./Core/Src/button.o
 .debug_macro   0x000156fd      0x202 ./Core/Src/fsm_automatic.o
 .debug_macro   0x000158ff      0x2ad ./Core/Src/fsm_select_mode.o
 .debug_macro   0x00015bac       0x61 ./Core/Src/fsm_select_mode.o
 .debug_macro   0x00015c0d       0x24 ./Core/Src/fsm_select_mode.o
 .debug_macro   0x00015c31       0x43 ./Core/Src/fsm_select_mode.o
 .debug_macro   0x00015c74       0x34 ./Core/Src/fsm_select_mode.o
 .debug_macro   0x00015ca8       0x16 ./Core/Src/fsm_select_mode.o
 .debug_macro   0x00015cbe       0x43 ./Core/Src/fsm_select_mode.o
 .debug_macro   0x00015d01       0x34 ./Core/Src/fsm_select_mode.o
 .debug_macro   0x00015d35       0x10 ./Core/Src/fsm_select_mode.o
 .debug_macro   0x00015d45       0x58 ./Core/Src/fsm_select_mode.o
 .debug_macro   0x00015d9d       0x8e ./Core/Src/fsm_select_mode.o
 .debug_macro   0x00015e2b       0x1c ./Core/Src/fsm_select_mode.o
 .debug_macro   0x00015e47      0x177 ./Core/Src/fsm_select_mode.o
 .debug_macro   0x00015fbe      0x369 ./Core/Src/fsm_select_mode.o
 .debug_macro   0x00016327      0x19b ./Core/Src/fsm_select_mode.o
 .debug_macro   0x000164c2      0x1f8 ./Core/Src/gobal.o
 .debug_macro   0x000166ba      0x226 ./Core/Src/main.o
 .debug_macro   0x000168e0      0x1c2 ./Core/Src/scheduler.o
 .debug_macro   0x00016aa2       0x1b ./Core/Src/software_timer.o
 .debug_macro   0x00016abd      0x1a6 ./Core/Src/stm32f1xx_hal_msp.o
 .debug_macro   0x00016c63      0x1b0 ./Core/Src/stm32f1xx_it.o
 .debug_macro   0x00016e13      0x197 ./Core/Src/system_stm32f1xx.o
 .debug_macro   0x00016faa      0x1bb ./Drivers/STM32F1xx_HAL_Driver/Src/stm32f1xx_hal.o
 .debug_macro   0x00017165      0x197 ./Drivers/STM32F1xx_HAL_Driver/Src/stm32f1xx_hal_cortex.o
 .debug_macro   0x000172fc      0x202 ./Drivers/STM32F1xx_HAL_Driver/Src/stm32f1xx_hal_gpio.o
 .debug_macro   0x000174fe      0x1a9 ./Drivers/STM32F1xx_HAL_Driver/Src/stm32f1xx_hal_rcc.o
 .debug_macro   0x000176a7      0x198 ./Drivers/STM32F1xx_HAL_Driver/Src/stm32f1xx_hal_tim.o
 .debug_macro   0x0001783f      0x197 ./Drivers/STM32F1xx_HAL_Driver/Src/stm32f1xx_hal_tim_ex.o

.debug_line     0x00000000     0xdc63
 .debug_line    0x00000000      0x9b2 ./Core/Src/7Segs.o
 .debug_line    0x000009b2      0x961 ./Core/Src/button.o
 .debug_line    0x00001313      0x9e8 ./Core/Src/fsm_automatic.o
 .debug_line    0x00001cfb      0xb52 ./Core/Src/fsm_select_mode.o
 .debug_line    0x0000284d      0x7c9 ./Core/Src/gobal.o
 .debug_line    0x00003016      0x958 ./Core/Src/main.o
 .debug_line    0x0000396e      0xa6d ./Core/Src/scheduler.o
 .debug_line    0x000043db      0x18b ./Core/Src/software_timer.o
 .debug_line    0x00004566      0x7d7 ./Core/Src/stm32f1xx_hal_msp.o
 .debug_line    0x00004d3d      0x876 ./Core/Src/stm32f1xx_it.o
 .debug_line    0x000055b3      0x81a ./Core/Src/system_stm32f1xx.o
 .debug_line    0x00005dcd       0x78 ./Core/Startup/startup_stm32f103c6tx.o
 .debug_line    0x00005e45      0xa47 ./Drivers/STM32F1xx_HAL_Driver/Src/stm32f1xx_hal.o
 .debug_line    0x0000688c      0xc33 ./Drivers/STM32F1xx_HAL_Driver/Src/stm32f1xx_hal_cortex.o
 .debug_line    0x000074bf      0xacb ./Drivers/STM32F1xx_HAL_Driver/Src/stm32f1xx_hal_gpio.o
 .debug_line    0x00007f8a      0xe50 ./Drivers/STM32F1xx_HAL_Driver/Src/stm32f1xx_hal_rcc.o
 .debug_line    0x00008dda     0x3523 ./Drivers/STM32F1xx_HAL_Driver/Src/stm32f1xx_hal_tim.o
 .debug_line    0x0000c2fd     0x1966 ./Drivers/STM32F1xx_HAL_Driver/Src/stm32f1xx_hal_tim_ex.o

.debug_str      0x00000000    0x863f8
 .debug_str     0x00000000    0x7fad0 ./Core/Src/7Segs.o
                              0x7fe2a (size before relaxing)
 .debug_str     0x0007fad0      0x20e ./Core/Src/button.o
                              0x7fdd2 (size before relaxing)
 .debug_str     0x0007fcde      0x1c5 ./Core/Src/fsm_automatic.o
                              0x7ff79 (size before relaxing)
 .debug_str     0x0007fea3     0x39be ./Core/Src/fsm_select_mode.o
                              0x83816 (size before relaxing)
 .debug_str     0x00083861       0x14 ./Core/Src/gobal.o
                              0x7fd5c (size before relaxing)
 .debug_str     0x00083875      0x7dd ./Core/Src/main.o
                              0x8068b (size before relaxing)
 .debug_str     0x00084052       0x99 ./Core/Src/scheduler.o
                              0x7fcb3 (size before relaxing)
 .debug_str     0x000840eb       0xcf ./Core/Src/software_timer.o
                               0x2ecc (size before relaxing)
 .debug_str     0x000841ba      0x300 ./Core/Src/stm32f1xx_hal_msp.o
                              0x80394 (size before relaxing)
 .debug_str     0x000844ba       0xec ./Core/Src/stm32f1xx_it.o
                              0x800cf (size before relaxing)
 .debug_str     0x000845a6       0x7e ./Core/Src/system_stm32f1xx.o
                              0x7f73f (size before relaxing)
 .debug_str     0x00084624       0x44 ./Core/Startup/startup_stm32f103c6tx.o
                                 0x7b (size before relaxing)
 .debug_str     0x00084668      0x38e ./Drivers/STM32F1xx_HAL_Driver/Src/stm32f1xx_hal.o
                              0x7fe38 (size before relaxing)
 .debug_str     0x000849f6      0x294 ./Drivers/STM32F1xx_HAL_Driver/Src/stm32f1xx_hal_cortex.o
                              0x7fd84 (size before relaxing)
 .debug_str     0x00084c8a      0x2d2 ./Drivers/STM32F1xx_HAL_Driver/Src/stm32f1xx_hal_gpio.o
                              0x7fac5 (size before relaxing)
 .debug_str     0x00084f5c      0x229 ./Drivers/STM32F1xx_HAL_Driver/Src/stm32f1xx_hal_rcc.o
                              0x7fb6e (size before relaxing)
 .debug_str     0x00085185      0xde0 ./Drivers/STM32F1xx_HAL_Driver/Src/stm32f1xx_hal_tim.o
                              0x80b70 (size before relaxing)
 .debug_str     0x00085f65      0x493 ./Drivers/STM32F1xx_HAL_Driver/Src/stm32f1xx_hal_tim_ex.o
                              0x8037c (size before relaxing)

.comment        0x00000000       0x43
 .comment       0x00000000       0x43 ./Core/Src/7Segs.o
                                 0x44 (size before relaxing)
 .comment       0x00000043       0x44 ./Core/Src/button.o
 .comment       0x00000043       0x44 ./Core/Src/fsm_automatic.o
 .comment       0x00000043       0x44 ./Core/Src/fsm_select_mode.o
 .comment       0x00000043       0x44 ./Core/Src/gobal.o
 .comment       0x00000043       0x44 ./Core/Src/main.o
 .comment       0x00000043       0x44 ./Core/Src/scheduler.o
 .comment       0x00000043       0x44 ./Core/Src/software_timer.o
 .comment       0x00000043       0x44 ./Core/Src/stm32f1xx_hal_msp.o
 .comment       0x00000043       0x44 ./Core/Src/stm32f1xx_it.o
 .comment       0x00000043       0x44 ./Core/Src/system_stm32f1xx.o
 .comment       0x00000043       0x44 ./Drivers/STM32F1xx_HAL_Driver/Src/stm32f1xx_hal.o
 .comment       0x00000043       0x44 ./Drivers/STM32F1xx_HAL_Driver/Src/stm32f1xx_hal_cortex.o
 .comment       0x00000043       0x44 ./Drivers/STM32F1xx_HAL_Driver/Src/stm32f1xx_hal_gpio.o
 .comment       0x00000043       0x44 ./Drivers/STM32F1xx_HAL_Driver/Src/stm32f1xx_hal_rcc.o
 .comment       0x00000043       0x44 ./Drivers/STM32F1xx_HAL_Driver/Src/stm32f1xx_hal_tim.o
 .comment       0x00000043       0x44 ./Drivers/STM32F1xx_HAL_Driver/Src/stm32f1xx_hal_tim_ex.o

.debug_frame    0x00000000     0x2e28
 .debug_frame   0x00000000       0xc4 ./Core/Src/7Segs.o
 .debug_frame   0x000000c4      0x10c ./Core/Src/button.o
 .debug_frame   0x000001d0      0x130 ./Core/Src/fsm_automatic.o
 .debug_frame   0x00000300      0x10c ./Core/Src/fsm_select_mode.o
 .debug_frame   0x0000040c       0xd4 ./Core/Src/main.o
 .debug_frame   0x000004e0      0x124 ./Core/Src/scheduler.o
 .debug_frame   0x00000604      0x120 ./Core/Src/software_timer.o
 .debug_frame   0x00000724       0x80 ./Core/Src/stm32f1xx_hal_msp.o
 .debug_frame   0x000007a4      0x120 ./Core/Src/stm32f1xx_it.o
 .debug_frame   0x000008c4       0x58 ./Core/Src/system_stm32f1xx.o
 .debug_frame   0x0000091c      0x334 ./Drivers/STM32F1xx_HAL_Driver/Src/stm32f1xx_hal.o
 .debug_frame   0x00000c50      0x428 ./Drivers/STM32F1xx_HAL_Driver/Src/stm32f1xx_hal_cortex.o
 .debug_frame   0x00001078      0x14c ./Drivers/STM32F1xx_HAL_Driver/Src/stm32f1xx_hal_gpio.o
 .debug_frame   0x000011c4      0x218 ./Drivers/STM32F1xx_HAL_Driver/Src/stm32f1xx_hal_rcc.o
 .debug_frame   0x000013dc     0x11b4 ./Drivers/STM32F1xx_HAL_Driver/Src/stm32f1xx_hal_tim.o
 .debug_frame   0x00002590      0x638 ./Drivers/STM32F1xx_HAL_Driver/Src/stm32f1xx_hal_tim_ex.o
 .debug_frame   0x00002bc8       0x20 C:/Program Files (x86)/ST/STM32CubeIDE_1.15.1/STM32CubeIDE/plugins/com.st.stm32cube.ide.mcu.externaltools.gnu-tools-for-stm32.12.3.rel1.win32_1.0.100.202403111256/tools/bin/../lib/gcc/arm-none-eabi/12.3.1/../../../../arm-none-eabi/lib/thumb/v7-m/nofp\libc_nano.a(libc_a-memset.o)
 .debug_frame   0x00002be8       0x2c C:/Program Files (x86)/ST/STM32CubeIDE_1.15.1/STM32CubeIDE/plugins/com.st.stm32cube.ide.mcu.externaltools.gnu-tools-for-stm32.12.3.rel1.win32_1.0.100.202403111256/tools/bin/../lib/gcc/arm-none-eabi/12.3.1/../../../../arm-none-eabi/lib/thumb/v7-m/nofp\libc_nano.a(libc_a-init.o)
 .debug_frame   0x00002c14       0x30 C:/Program Files (x86)/ST/STM32CubeIDE_1.15.1/STM32CubeIDE/plugins/com.st.stm32cube.ide.mcu.externaltools.gnu-tools-for-stm32.12.3.rel1.win32_1.0.100.202403111256/tools/bin/../lib/gcc/arm-none-eabi/12.3.1/../../../../arm-none-eabi/lib/thumb/v7-m/nofp\libm.a(libm_a-s_ceil.o)
 .debug_frame   0x00002c44       0xac C:/Program Files (x86)/ST/STM32CubeIDE_1.15.1/STM32CubeIDE/plugins/com.st.stm32cube.ide.mcu.externaltools.gnu-tools-for-stm32.12.3.rel1.win32_1.0.100.202403111256/tools/bin/../lib/gcc/arm-none-eabi/12.3.1/thumb/v7-m/nofp\libgcc.a(_arm_addsubdf3.o)
 .debug_frame   0x00002cf0       0x50 C:/Program Files (x86)/ST/STM32CubeIDE_1.15.1/STM32CubeIDE/plugins/com.st.stm32cube.ide.mcu.externaltools.gnu-tools-for-stm32.12.3.rel1.win32_1.0.100.202403111256/tools/bin/../lib/gcc/arm-none-eabi/12.3.1/thumb/v7-m/nofp\libgcc.a(_arm_muldivdf3.o)
 .debug_frame   0x00002d40       0xc4 C:/Program Files (x86)/ST/STM32CubeIDE_1.15.1/STM32CubeIDE/plugins/com.st.stm32cube.ide.mcu.externaltools.gnu-tools-for-stm32.12.3.rel1.win32_1.0.100.202403111256/tools/bin/../lib/gcc/arm-none-eabi/12.3.1/thumb/v7-m/nofp\libgcc.a(_arm_cmpdf2.o)
 .debug_frame   0x00002e04       0x24 C:/Program Files (x86)/ST/STM32CubeIDE_1.15.1/STM32CubeIDE/plugins/com.st.stm32cube.ide.mcu.externaltools.gnu-tools-for-stm32.12.3.rel1.win32_1.0.100.202403111256/tools/bin/../lib/gcc/arm-none-eabi/12.3.1/thumb/v7-m/nofp\libgcc.a(_arm_fixdfsi.o)

.debug_line_str
                0x00000000       0x5f
 .debug_line_str
                0x00000000       0x5f ./Core/Startup/startup_stm32f103c6tx.o
