../Core/Src/fsm_select_mode.c:16:6:Timeout_select_mode	4	static
../Core/Src/fsm_select_mode.c:24:6:Blinking_red	8	static
../Core/Src/fsm_select_mode.c:34:6:Blinking_yellow	8	static
../Core/Src/fsm_select_mode.c:44:6:Blinking_green	8	static
../Core/Src/fsm_select_mode.c:100:6:setRedLEDDuration	16	static
../Core/Src/fsm_select_mode.c:115:6:setGreenLEDDuration	16	static
../Core/Src/fsm_select_mode.c:132:6:setYellowLEDDuration	16	static
../Core/Src/fsm_select_mode.c:234:6:fsm_select_mode_run	8	static
