../Core/Src/fsm_automatic.c:15:6:countdownSecWay1	4	static
../Core/Src/fsm_automatic.c:21:6:transitionToAutoGreenWay1	8	static
../Core/Src/fsm_automatic.c:27:6:transitionToAutoYellowWay1	8	static
../Core/Src/fsm_automatic.c:33:6:transitionToAutoRedWay1	8	static
../Core/Src/fsm_automatic.c:40:6:countdownSecWay2	4	static
../Core/Src/fsm_automatic.c:46:6:transitionToAutoGreenWay2	8	static
../Core/Src/fsm_automatic.c:52:6:transitionToAutoYellowWay2	8	static
../Core/Src/fsm_automatic.c:58:6:transitionToAutoRedWay2	8	static
../Core/Src/fsm_automatic.c:66:6:fsm_automatic_run_way1	8	static
../Core/Src/fsm_automatic.c:186:6:fsm_automatic_run_way2	8	static
