../Core/Src/main.c:63:8:led1test	8	static
../Core/Src/main.c:66:8:led2test	8	static
../Core/Src/main.c:69:8:led3test	8	static
../Core/Src/main.c:72:8:led4test	8	static
../Core/Src/main.c:75:8:led5test	8	static
../Core/Src/main.c:84:5:main	8	static
../Core/Src/main.c:141:6:SystemClock_Config	72	static
../Core/Src/main.c:178:13:MX_TIM2_Init	32	static
../Core/Src/main.c:223:13:MX_GPIO_Init	40	static
../Core/Src/main.c:253:6:HAL_TIM_PeriodElapsedCallback	16	static
../Core/Src/main.c:269:6:Error_Handler	4	static,ignoring_inline_asm
